<!doctype html public "-//w3c//dtd html 4.0 transitional//en">
<html><head>
<title>Static Call Graph - [.\Objects\led_c.axf]</title></head>
<body><HR>
<H1>Static Call Graph for image .\Objects\led_c.axf</H1><HR>
<BR><P>#&#060CALLGRAPH&#062# ARM Linker, 5060960: Last Updated: Sun Dec 14 00:16:35 2025
<BR><P>
<H3>Maximum Stack Usage =         56 bytes + Unknown(Untraceable Function Pointers)</H3><H3>
Call chain for Maximum Stack Depth:</H3>
UsageFault_Handler_asm &rArr; UsageFault_Handler &rArr; put_s_hex &rArr; puthex &rArr; puts
<P>
<H3>
Function Pointers
</H3><UL>
 <LI><a href="#[5]">EXTI0_IRQHandler</a> from key.o(i.EXTI0_IRQHandler) referenced from start.o(RESET)
 <LI><a href="#[1]">HardFault_Handler</a> from exception.o(i.HardFault_Handler) referenced from start.o(RESET)
 <LI><a href="#[0]">Reset_Handler</a> from start.o(.text) referenced from start.o(RESET)
 <LI><a href="#[3]">SVC_Handler</a> from exception.o(i.SVC_Handler) referenced from start.o(RESET)
 <LI><a href="#[4]">SysTick_Handler</a> from systick.o(i.SysTick_Handler) referenced from start.o(RESET)
 <LI><a href="#[2]">UsageFault_Handler_asm</a> from start.o(.text) referenced from start.o(RESET)
 <LI><a href="#[6]">mymain</a> from main.o(i.mymain) referenced from start.o(.text)
 <LI><a href="#[7]">put_s_hex</a> from string.o(i.put_s_hex) referenced from main.o(i.mymain)
</UL>
<P>
<H3>
Global Symbols
</H3>
<P><STRONG><a name="[0]"></a>Reset_Handler</STRONG> (Thumb, 60 bytes, Stack size 0 bytes, start.o(.text))
<BR><BR>[Stack]<UL><LI>Max Depth = 24<LI>Call Chain = Reset_Handler &rArr; SystemInit &rArr; memcpy
</UL>
<BR>[Calls]<UL><LI><a href="#[9]">&gt;&gt;</a>&nbsp;&nbsp;&nbsp;uart_init
<LI><a href="#[a]">&gt;&gt;</a>&nbsp;&nbsp;&nbsp;UsageFaultInit
<LI><a href="#[8]">&gt;&gt;</a>&nbsp;&nbsp;&nbsp;SystemInit
<LI><a href="#[b]">&gt;&gt;</a>&nbsp;&nbsp;&nbsp;SysTickInit
<LI><a href="#[c]">&gt;&gt;</a>&nbsp;&nbsp;&nbsp;LedInit
</UL>
<BR>[Address Reference Count : 1]<UL><LI> start.o(RESET)
</UL>
<P><STRONG><a name="[5]"></a>EXTI0_IRQHandler</STRONG> (Thumb, 40 bytes, Stack size 8 bytes, key.o(i.EXTI0_IRQHandler))
<BR><BR>[Stack]<UL><LI>Max Depth = 16<LI>Call Chain = EXTI0_IRQHandler &rArr; puts
</UL>
<BR>[Calls]<UL><LI><a href="#[10]">&gt;&gt;</a>&nbsp;&nbsp;&nbsp;nvic_clear_int
<LI><a href="#[f]">&gt;&gt;</a>&nbsp;&nbsp;&nbsp;exti_clear_int
<LI><a href="#[e]">&gt;&gt;</a>&nbsp;&nbsp;&nbsp;puts
</UL>
<BR>[Address Reference Count : 1]<UL><LI> start.o(RESET)
</UL>
<P><STRONG><a name="[1]"></a>HardFault_Handler</STRONG> (Thumb, 10 bytes, Stack size 0 bytes, exception.o(i.HardFault_Handler))
<BR><BR>[Stack]<UL><LI>Max Depth = 8<LI>Call Chain = HardFault_Handler &rArr; puts
</UL>
<BR>[Calls]<UL><LI><a href="#[e]">&gt;&gt;</a>&nbsp;&nbsp;&nbsp;puts
</UL>
<BR>[Address Reference Count : 1]<UL><LI> start.o(RESET)
</UL>
<P><STRONG><a name="[11]"></a>LedCtrl</STRONG> (Thumb, 26 bytes, Stack size 0 bytes, led.o(i.LedCtrl))
<BR><BR>[Called By]<UL><LI><a href="#[4]">&gt;&gt;</a>&nbsp;&nbsp;&nbsp;SysTick_Handler
</UL>

<P><STRONG><a name="[c]"></a>LedInit</STRONG> (Thumb, 22 bytes, Stack size 0 bytes, led.o(i.LedInit))
<BR><BR>[Called By]<UL><LI><a href="#[0]">&gt;&gt;</a>&nbsp;&nbsp;&nbsp;Reset_Handler
</UL>

<P><STRONG><a name="[3]"></a>SVC_Handler</STRONG> (Thumb, 10 bytes, Stack size 8 bytes, exception.o(i.SVC_Handler))
<BR><BR>[Stack]<UL><LI>Max Depth = 16<LI>Call Chain = SVC_Handler &rArr; puts
</UL>
<BR>[Calls]<UL><LI><a href="#[e]">&gt;&gt;</a>&nbsp;&nbsp;&nbsp;puts
</UL>
<BR>[Address Reference Count : 1]<UL><LI> start.o(RESET)
</UL>
<P><STRONG><a name="[b]"></a>SysTickInit</STRONG> (Thumb, 14 bytes, Stack size 0 bytes, systick.o(i.SysTickInit))
<BR><BR>[Called By]<UL><LI><a href="#[0]">&gt;&gt;</a>&nbsp;&nbsp;&nbsp;Reset_Handler
</UL>

<P><STRONG><a name="[4]"></a>SysTick_Handler</STRONG> (Thumb, 50 bytes, Stack size 8 bytes, systick.o(i.SysTick_Handler))
<BR><BR>[Stack]<UL><LI>Max Depth = 8<LI>Call Chain = SysTick_Handler
</UL>
<BR>[Calls]<UL><LI><a href="#[11]">&gt;&gt;</a>&nbsp;&nbsp;&nbsp;LedCtrl
</UL>
<BR>[Address Reference Count : 1]<UL><LI> start.o(RESET)
</UL>
<P><STRONG><a name="[8]"></a>SystemInit</STRONG> (Thumb, 42 bytes, Stack size 8 bytes, init.o(i.SystemInit))
<BR><BR>[Stack]<UL><LI>Max Depth = 24<LI>Call Chain = SystemInit &rArr; memcpy
</UL>
<BR>[Calls]<UL><LI><a href="#[13]">&gt;&gt;</a>&nbsp;&nbsp;&nbsp;memset
<LI><a href="#[12]">&gt;&gt;</a>&nbsp;&nbsp;&nbsp;memcpy
</UL>
<BR>[Called By]<UL><LI><a href="#[0]">&gt;&gt;</a>&nbsp;&nbsp;&nbsp;Reset_Handler
</UL>

<P><STRONG><a name="[a]"></a>UsageFaultInit</STRONG> (Thumb, 12 bytes, Stack size 0 bytes, exception.o(i.UsageFaultInit))
<BR><BR>[Called By]<UL><LI><a href="#[0]">&gt;&gt;</a>&nbsp;&nbsp;&nbsp;Reset_Handler
</UL>

<P><STRONG><a name="[d]"></a>UsageFault_Handler</STRONG> (Thumb, 88 bytes, Stack size 16 bytes, exception.o(i.UsageFault_Handler))
<BR><BR>[Stack]<UL><LI>Max Depth = 56<LI>Call Chain = UsageFault_Handler &rArr; put_s_hex &rArr; puthex &rArr; puts
</UL>
<BR>[Calls]<UL><LI><a href="#[e]">&gt;&gt;</a>&nbsp;&nbsp;&nbsp;puts
<LI><a href="#[7]">&gt;&gt;</a>&nbsp;&nbsp;&nbsp;put_s_hex
</UL>
<BR>[Called By]<UL><LI><a href="#[2]">&gt;&gt;</a>&nbsp;&nbsp;&nbsp;UsageFault_Handler_asm
</UL>

<P><STRONG><a name="[17]"></a>delay</STRONG> (Thumb, 16 bytes, Stack size 8 bytes, main.o(i.delay))
<BR><BR>[Stack]<UL><LI>Max Depth = 8<LI>Call Chain = delay
</UL>
<BR>[Called By]<UL><LI><a href="#[6]">&gt;&gt;</a>&nbsp;&nbsp;&nbsp;mymain
</UL>

<P><STRONG><a name="[f]"></a>exti_clear_int</STRONG> (Thumb, 14 bytes, Stack size 0 bytes, exti.o(i.exti_clear_int))
<BR><BR>[Called By]<UL><LI><a href="#[5]">&gt;&gt;</a>&nbsp;&nbsp;&nbsp;EXTI0_IRQHandler
</UL>

<P><STRONG><a name="[15]"></a>exti_init</STRONG> (Thumb, 28 bytes, Stack size 0 bytes, exti.o(i.exti_init))
<BR><BR>[Called By]<UL><LI><a href="#[6]">&gt;&gt;</a>&nbsp;&nbsp;&nbsp;mymain
</UL>

<P><STRONG><a name="[19]"></a>getchar</STRONG> (Thumb, 18 bytes, Stack size 0 bytes, uart.o(i.getchar))
<BR><BR>[Called By]<UL><LI><a href="#[6]">&gt;&gt;</a>&nbsp;&nbsp;&nbsp;mymain
</UL>

<P><STRONG><a name="[14]"></a>key_init</STRONG> (Thumb, 40 bytes, Stack size 0 bytes, key.o(i.key_init))
<BR><BR>[Called By]<UL><LI><a href="#[6]">&gt;&gt;</a>&nbsp;&nbsp;&nbsp;mymain
</UL>

<P><STRONG><a name="[12]"></a>memcpy</STRONG> (Thumb, 26 bytes, Stack size 16 bytes, string.o(i.memcpy))
<BR><BR>[Stack]<UL><LI>Max Depth = 16<LI>Call Chain = memcpy
</UL>
<BR>[Called By]<UL><LI><a href="#[8]">&gt;&gt;</a>&nbsp;&nbsp;&nbsp;SystemInit
</UL>

<P><STRONG><a name="[13]"></a>memset</STRONG> (Thumb, 20 bytes, Stack size 12 bytes, string.o(i.memset))
<BR><BR>[Stack]<UL><LI>Max Depth = 12<LI>Call Chain = memset
</UL>
<BR>[Called By]<UL><LI><a href="#[8]">&gt;&gt;</a>&nbsp;&nbsp;&nbsp;SystemInit
</UL>

<P><STRONG><a name="[6]"></a>mymain</STRONG> (Thumb, 158 bytes, Stack size 0 bytes, main.o(i.mymain))
<BR><BR>[Stack]<UL><LI>Max Depth = 40<LI>Call Chain = mymain &rArr; put_s_hex &rArr; puthex &rArr; puts
</UL>
<BR>[Calls]<UL><LI><a href="#[18]">&gt;&gt;</a>&nbsp;&nbsp;&nbsp;putchar
<LI><a href="#[7]">&gt;&gt;</a>&nbsp;&nbsp;&nbsp;put_s_hex
<LI><a href="#[16]">&gt;&gt;</a>&nbsp;&nbsp;&nbsp;nvic_init
<LI><a href="#[14]">&gt;&gt;</a>&nbsp;&nbsp;&nbsp;key_init
<LI><a href="#[19]">&gt;&gt;</a>&nbsp;&nbsp;&nbsp;getchar
<LI><a href="#[15]">&gt;&gt;</a>&nbsp;&nbsp;&nbsp;exti_init
<LI><a href="#[17]">&gt;&gt;</a>&nbsp;&nbsp;&nbsp;delay
</UL>
<BR>[Address Reference Count : 1]<UL><LI> start.o(.text)
</UL>
<P><STRONG><a name="[10]"></a>nvic_clear_int</STRONG> (Thumb, 22 bytes, Stack size 0 bytes, nvic.o(i.nvic_clear_int))
<BR><BR>[Called By]<UL><LI><a href="#[5]">&gt;&gt;</a>&nbsp;&nbsp;&nbsp;EXTI0_IRQHandler
</UL>

<P><STRONG><a name="[16]"></a>nvic_init</STRONG> (Thumb, 12 bytes, Stack size 0 bytes, nvic.o(i.nvic_init))
<BR><BR>[Called By]<UL><LI><a href="#[6]">&gt;&gt;</a>&nbsp;&nbsp;&nbsp;mymain
</UL>

<P><STRONG><a name="[7]"></a>put_s_hex</STRONG> (Thumb, 26 bytes, Stack size 16 bytes, string.o(i.put_s_hex))
<BR><BR>[Stack]<UL><LI>Max Depth = 40<LI>Call Chain = put_s_hex &rArr; puthex &rArr; puts
</UL>
<BR>[Calls]<UL><LI><a href="#[e]">&gt;&gt;</a>&nbsp;&nbsp;&nbsp;puts
<LI><a href="#[1a]">&gt;&gt;</a>&nbsp;&nbsp;&nbsp;puthex
</UL>
<BR>[Called By]<UL><LI><a href="#[d]">&gt;&gt;</a>&nbsp;&nbsp;&nbsp;UsageFault_Handler
<LI><a href="#[6]">&gt;&gt;</a>&nbsp;&nbsp;&nbsp;mymain
</UL>
<BR>[Address Reference Count : 1]<UL><LI> main.o(i.mymain)
</UL>
<P><STRONG><a name="[18]"></a>putchar</STRONG> (Thumb, 18 bytes, Stack size 0 bytes, uart.o(i.putchar))
<BR><BR>[Called By]<UL><LI><a href="#[e]">&gt;&gt;</a>&nbsp;&nbsp;&nbsp;puts
<LI><a href="#[1a]">&gt;&gt;</a>&nbsp;&nbsp;&nbsp;puthex
<LI><a href="#[6]">&gt;&gt;</a>&nbsp;&nbsp;&nbsp;mymain
</UL>

<P><STRONG><a name="[1a]"></a>puthex</STRONG> (Thumb, 62 bytes, Stack size 16 bytes, string.o(i.puthex))
<BR><BR>[Stack]<UL><LI>Max Depth = 24<LI>Call Chain = puthex &rArr; puts
</UL>
<BR>[Calls]<UL><LI><a href="#[e]">&gt;&gt;</a>&nbsp;&nbsp;&nbsp;puts
<LI><a href="#[18]">&gt;&gt;</a>&nbsp;&nbsp;&nbsp;putchar
</UL>
<BR>[Called By]<UL><LI><a href="#[7]">&gt;&gt;</a>&nbsp;&nbsp;&nbsp;put_s_hex
</UL>

<P><STRONG><a name="[e]"></a>puts</STRONG> (Thumb, 22 bytes, Stack size 8 bytes, string.o(i.puts))
<BR><BR>[Stack]<UL><LI>Max Depth = 8<LI>Call Chain = puts
</UL>
<BR>[Calls]<UL><LI><a href="#[18]">&gt;&gt;</a>&nbsp;&nbsp;&nbsp;putchar
</UL>
<BR>[Called By]<UL><LI><a href="#[1a]">&gt;&gt;</a>&nbsp;&nbsp;&nbsp;puthex
<LI><a href="#[d]">&gt;&gt;</a>&nbsp;&nbsp;&nbsp;UsageFault_Handler
<LI><a href="#[3]">&gt;&gt;</a>&nbsp;&nbsp;&nbsp;SVC_Handler
<LI><a href="#[1]">&gt;&gt;</a>&nbsp;&nbsp;&nbsp;HardFault_Handler
<LI><a href="#[5]">&gt;&gt;</a>&nbsp;&nbsp;&nbsp;EXTI0_IRQHandler
<LI><a href="#[7]">&gt;&gt;</a>&nbsp;&nbsp;&nbsp;put_s_hex
</UL>

<P><STRONG><a name="[9]"></a>uart_init</STRONG> (Thumb, 68 bytes, Stack size 0 bytes, uart.o(i.uart_init))
<BR><BR>[Called By]<UL><LI><a href="#[0]">&gt;&gt;</a>&nbsp;&nbsp;&nbsp;Reset_Handler
</UL>
<P>
<H3>
Local Symbols
</H3>
<P><STRONG><a name="[2]"></a>UsageFault_Handler_asm</STRONG> (Thumb, 6 bytes, Stack size 0 bytes, start.o(.text))
<BR><BR>[Stack]<UL><LI>Max Depth = 56<LI>Call Chain = UsageFault_Handler_asm &rArr; UsageFault_Handler &rArr; put_s_hex &rArr; puthex &rArr; puts
</UL>
<BR>[Calls]<UL><LI><a href="#[d]">&gt;&gt;</a>&nbsp;&nbsp;&nbsp;UsageFault_Handler
</UL>
<BR>[Address Reference Count : 1]<UL><LI> start.o(RESET)
</UL><P>
<H3>
Undefined Global Symbols
</H3><HR></body></html>
