<html>
<body>
<pre>
<h1>µVision Build Log</h1>
<h2>Tool Versions:</h2>
IDE-Version: ¦ÌVision V5.33.0.0
Copyright (C) 2020 ARM Ltd and ARM Germany GmbH. All rights reserved.
License Information: 1 1, 1, LIC=VGXG8-3FAX9-BSBYX-HYH4B-UTX53-EV3MD
 
Tool Versions:
Toolchain:       MDK-ARM Plus  Version: 5.33.0.0
Toolchain Path:  d:\CodeIDE\Keil_v5\ARM\ARMCC\Bin
C Compiler:      Armcc.exe V5.06 update 7 (build 960)
Assembler:       Armasm.exe V5.06 update 7 (build 960)
Linker/Locator:  ArmLink.exe V5.06 update 7 (build 960)
Library Manager: ArmAr.exe V5.06 update 7 (build 960)
Hex Converter:   FromElf.exe V5.06 update 7 (build 960)
CPU DLL:         SARMCM3.DLL V5.33.0.0
Dialog DLL:      DCM.DLL V1.17.3.0
Target DLL:      STLink\ST-LINKIII-KEIL_SWO.dll V3.0.8.0
Dialog DLL:      TCM.DLL V1.48.0.0
 
<h2>Project:</h2>
E:\workspace\stm_feng\STM32F103_Git\07_gpio_irq\led_c.uvprojx
Project File Date:  12/13/2025

<h2>Output:</h2>
*** Using Compiler 'V5.06 update 7 (build 960)', folder: 'd:\CodeIDE\Keil_v5\ARM\ARMCC\Bin'
Rebuild target 'led_c'
compiling exti.c...
compiling main.c...
main.c(65): warning:  #111-D: statement is unreachable
  	return 0;
main.c: 1 warning, 0 errors
compiling led.c...
compiling exception.c...
assembling start.s...
compiling init.c...
compiling uart.c...
compiling nvic.c...
compiling systick.c...
compiling key.c...
compiling string.c...
linking...
.\Objects\led_c.axf: Warning: L6305W: Image does not have an entry point. (Not specified or not set due to multiple choices.)
Program Size: Code=1404 RO-data=96 RW-data=8 ZI-data=88  
Finished: 0 information, 1 warning and 0 error messages.
FromELF: creating hex file...
After Build - User command #1: fromelf  --bin  --output=led.bin  Objects\led_c.axf
After Build - User command #2: fromelf  --text  -a -c  --output=led.dis  Objects\led_c.axf
".\Objects\led_c.axf" - 0 Error(s), 2 Warning(s).

<h2>Software Packages used:</h2>

Package Vendor: Keil
                http://www.keil.com/pack/Keil.STM32F1xx_DFP.2.3.0.pack
                Keil.STM32F1xx_DFP.2.3.0
                STMicroelectronics STM32F1 Series Device Support, Drivers and Examples

<h2>Collection of Component include folders:</h2>
  d:\CodeIDE\Keil_v5\Keil\STM32F1xx_DFP\2.3.0\Device\Include

<h2>Collection of Component Files used:</h2>
Build Time Elapsed:  00:00:01
</pre>
</body>
</html>
