<!doctype html public "-//w3c//dtd html 4.0 transitional//en">
<html><head>
<title>Static Call Graph - [.\Objects\feng_led.axf]</title></head>
<body><HR>
<H1>Static Call Graph for image .\Objects\feng_led.axf</H1><HR>
<BR><P>#&#060CALLGRAPH&#062# ARM Linker, 5060960: Last Updated: Mon Dec 08 20:51:53 2025
<BR><P>
<H3>Maximum Stack Usage =         40 bytes + Unknown(Untraceable Function Pointers)</H3><H3>
Call chain for Maximum Stack Depth:</H3>
Mymain &rArr; put_s_hex &rArr; puthex &rArr; puts
<P>
<H3>
Function Pointers
</H3><UL>
 <LI><a href="#[0]">Mymain</a> from main.o(i.Mymain) referenced from start.o(.text)
 <LI><a href="#[1]">put_s_hex</a> from string.o(i.put_s_hex) referenced from main.o(i.Mymain)
</UL>
<P>
<H3>
Global Symbols
</H3>
<P><STRONG><a name="[0]"></a>Mymain</STRONG> (Thumb, 142 bytes, Stack size 0 bytes, main.o(i.Mymain))
<BR><BR>[Stack]<UL><LI>Max Depth = 40<LI>Call Chain = Mymain &rArr; put_s_hex &rArr; puthex &rArr; puts
</UL>
<BR>[Calls]<UL><LI><a href="#[3]">&gt;&gt;</a>&nbsp;&nbsp;&nbsp;uart_putchar
<LI><a href="#[5]">&gt;&gt;</a>&nbsp;&nbsp;&nbsp;uart_getchar
<LI><a href="#[2]">&gt;&gt;</a>&nbsp;&nbsp;&nbsp;uart_bsp_init
<LI><a href="#[4]">&gt;&gt;</a>&nbsp;&nbsp;&nbsp;puthex
<LI><a href="#[1]">&gt;&gt;</a>&nbsp;&nbsp;&nbsp;put_s_hex
</UL>
<BR>[Address Reference Count : 1]<UL><LI> start.o(.text)
</UL>
<P><STRONG><a name="[7]"></a>delay</STRONG> (Thumb, 12 bytes, Stack size 0 bytes, main.o(i.delay), UNUSED)

<P><STRONG><a name="[8]"></a>memcpy</STRONG> (Thumb, 26 bytes, Stack size 16 bytes, string.o(i.memcpy), UNUSED)

<P><STRONG><a name="[9]"></a>memset</STRONG> (Thumb, 20 bytes, Stack size 12 bytes, string.o(i.memset), UNUSED)

<P><STRONG><a name="[1]"></a>put_s_hex</STRONG> (Thumb, 26 bytes, Stack size 16 bytes, string.o(i.put_s_hex))
<BR><BR>[Stack]<UL><LI>Max Depth = 40<LI>Call Chain = put_s_hex &rArr; puthex &rArr; puts
</UL>
<BR>[Calls]<UL><LI><a href="#[6]">&gt;&gt;</a>&nbsp;&nbsp;&nbsp;puts
<LI><a href="#[4]">&gt;&gt;</a>&nbsp;&nbsp;&nbsp;puthex
</UL>
<BR>[Called By]<UL><LI><a href="#[0]">&gt;&gt;</a>&nbsp;&nbsp;&nbsp;Mymain
</UL>
<BR>[Address Reference Count : 1]<UL><LI> main.o(i.Mymain)
</UL>
<P><STRONG><a name="[4]"></a>puthex</STRONG> (Thumb, 62 bytes, Stack size 16 bytes, string.o(i.puthex))
<BR><BR>[Stack]<UL><LI>Max Depth = 24<LI>Call Chain = puthex &rArr; puts
</UL>
<BR>[Calls]<UL><LI><a href="#[6]">&gt;&gt;</a>&nbsp;&nbsp;&nbsp;puts
<LI><a href="#[3]">&gt;&gt;</a>&nbsp;&nbsp;&nbsp;uart_putchar
</UL>
<BR>[Called By]<UL><LI><a href="#[1]">&gt;&gt;</a>&nbsp;&nbsp;&nbsp;put_s_hex
<LI><a href="#[0]">&gt;&gt;</a>&nbsp;&nbsp;&nbsp;Mymain
</UL>

<P><STRONG><a name="[6]"></a>puts</STRONG> (Thumb, 22 bytes, Stack size 8 bytes, string.o(i.puts))
<BR><BR>[Stack]<UL><LI>Max Depth = 8<LI>Call Chain = puts
</UL>
<BR>[Calls]<UL><LI><a href="#[3]">&gt;&gt;</a>&nbsp;&nbsp;&nbsp;uart_putchar
</UL>
<BR>[Called By]<UL><LI><a href="#[4]">&gt;&gt;</a>&nbsp;&nbsp;&nbsp;puthex
<LI><a href="#[1]">&gt;&gt;</a>&nbsp;&nbsp;&nbsp;put_s_hex
</UL>

<P><STRONG><a name="[2]"></a>uart_bsp_init</STRONG> (Thumb, 80 bytes, Stack size 0 bytes, uart_bsp.o(i.uart_bsp_init))
<BR><BR>[Called By]<UL><LI><a href="#[0]">&gt;&gt;</a>&nbsp;&nbsp;&nbsp;Mymain
</UL>

<P><STRONG><a name="[5]"></a>uart_getchar</STRONG> (Thumb, 20 bytes, Stack size 0 bytes, uart_bsp.o(i.uart_getchar))
<BR><BR>[Called By]<UL><LI><a href="#[0]">&gt;&gt;</a>&nbsp;&nbsp;&nbsp;Mymain
</UL>

<P><STRONG><a name="[3]"></a>uart_putchar</STRONG> (Thumb, 18 bytes, Stack size 0 bytes, uart_bsp.o(i.uart_putchar))
<BR><BR>[Called By]<UL><LI><a href="#[6]">&gt;&gt;</a>&nbsp;&nbsp;&nbsp;puts
<LI><a href="#[4]">&gt;&gt;</a>&nbsp;&nbsp;&nbsp;puthex
<LI><a href="#[0]">&gt;&gt;</a>&nbsp;&nbsp;&nbsp;Mymain
</UL>
<P>
<H3>
Local Symbols
</H3><P>
<H3>
Undefined Global Symbols
</H3><HR></body></html>
