<html>
<body>
<pre>
<h1>µVision Build Log</h1>
<h2>Tool Versions:</h2>
IDE-Version: ¦ÌVision V5.33.0.0
Copyright (C) 2020 ARM Ltd and ARM Germany GmbH. All rights reserved.
License Information: 1 1, 1, LIC=VGXG8-3FAX9-BSBYX-HYH4B-UTX53-EV3MD
 
Tool Versions:
Toolchain:       MDK-ARM Plus  Version: 5.33.0.0
Toolchain Path:  d:\CodeIDE\Keil_v5\ARM\ARMCC\Bin
C Compiler:      Armcc.exe V5.06 update 7 (build 960)
Assembler:       Armasm.exe V5.06 update 7 (build 960)
Linker/Locator:  ArmLink.exe V5.06 update 7 (build 960)
Library Manager: ArmAr.exe V5.06 update 7 (build 960)
Hex Converter:   FromElf.exe V5.06 update 7 (build 960)
CPU DLL:         SARMCM3.DLL V5.33.0.0
Dialog DLL:      DCM.DLL V1.17.3.0
Target DLL:      STLink\ST-LINKIII-KEIL_SWO.dll V3.0.8.0
Dialog DLL:      TCM.DLL V1.48.0.0
 
<h2>Project:</h2>
E:\workspace\stm_feng\STM32F103_Git\05_feng_uart_relocate\feng_led.uvprojx
Project File Date:  12/07/2025

<h2>Output:</h2>
*** Using Compiler 'V5.06 update 7 (build 960)', folder: 'd:\CodeIDE\Keil_v5\ARM\ARMCC\Bin'
Rebuild target 'led_c'
assembling start.s...
compiling uart_bsp.c...
compiling string.c...
compiling main.c...
main.c(23): warning:  #167-D: argument of type "unsigned char *" is incompatible with parameter of type "unsigned int"
  	put_s_hex("g_ch1 is addr: ", &g_ch1);
main.c(24): warning:  #167-D: argument of type "const unsigned char *" is incompatible with parameter of type "unsigned int"
  	put_s_hex("g_ch2 is addr: ", &g_ch2);
main.c(32): warning:  #167-D: argument of type "const unsigned char *" is incompatible with parameter of type "unsigned int"
  	fun_p("g_ch2 is addr: ", &g_ch2);
main.c(45): warning:  #111-D: statement is unreachable
  	return 0;
main.c: 4 warnings, 0 errors
linking...
.\Objects\feng_led.axf: Warning: L6305W: Image does not have an entry point. (Not specified or not set due to multiple choices.)
.\Objects\feng_led.sct(8): warning: L6314W: No section matches pattern *(InRoot$$Sections).
Program Size: Code=596 RO-data=12 RW-data=4 ZI-data=24  
Finished: 0 information, 2 warning and 0 error messages.
FromELF: creating hex file...
After Build - User command #1: fromelf  --bin  --output=feng_led.bin  Objects\feng_led.axf
After Build - User command #2: fromelf  --text  -a -c  --output=feng_led.dis  Objects\feng_led.axf
".\Objects\feng_led.axf" - 0 Error(s), 6 Warning(s).

<h2>Software Packages used:</h2>

Package Vendor: Keil
                http://www.keil.com/pack/Keil.STM32F1xx_DFP.2.3.0.pack
                Keil.STM32F1xx_DFP.2.3.0
                STMicroelectronics STM32F1 Series Device Support, Drivers and Examples

<h2>Collection of Component include folders:</h2>
  d:\CodeIDE\Keil_v5\Keil\STM32F1xx_DFP\2.3.0\Device\Include

<h2>Collection of Component Files used:</h2>
Build Time Elapsed:  00:00:01
</pre>
</body>
</html>
